// Vitest Snapshot v1, https://vitest.dev/guide/snapshot.html

exports[`the exact seeded planner day without a database > AC-1/21 pins every seeded explanation 1`] = `
[
  "Rank 1: waited since Tuesday; chilled; Matara due 07:59; Fresh; new run on the reefer truck VEH004 to Matara, vehicle ID breaks the tie",
  "Rank 2: waited since Wednesday; chilled; Colombo closes 07:30; Fresh, vans only; new run on the reefer van VEH035 to Colombo, the only run that could carry these goods",
  "Rank 3: waited since Wednesday; chilled; Galle closes 07:30; Fresh; new run on the reefer truck VEH006 to Galle, more volume broke the tie",
  "Rank 4: waited since Wednesday; chilled; Gampaha due 07:59; Fresh; new run on the reefer truck VEH001 to Gampaha, more volume broke the tie",
  "Rank 5: new order; chilled; Colombo closes 07:30; Fresh, vans only; joined the reefer van VEH035 on its run to Colombo, fills an existing run",
  "Rank 6: new order; chilled; Colombo closes 07:30; Fresh; new run on the reefer truck VEH002 to Colombo, more volume broke the tie",
  "Rank 7: new order; chilled; Colombo closes 07:30; Fresh; joined the reefer truck VEH002 on its run to Colombo, fills an existing run",
  "Rank 8: new order; chilled; Galle closes 07:30; Fresh; joined the reefer truck VEH006 on its run to Galle, fills an existing run",
  "Rank 9: new order; chilled; Galle closes 07:30; Fresh; joined the reefer truck VEH006 on its run to Galle, fills an existing run",
  "Rank 10: new order; chilled; Kalutara closes 07:30; Fresh; new run on the reefer truck VEH007 to Kalutara, uses a first run before a second",
  "Rank 11: new order; chilled; Kalutara closes 07:30; Fresh; joined the reefer truck VEH007 on its run to Kalutara, fills an existing run",
  "Rank 12: new order; chilled; Kalutara closes 07:30; Fresh; joined the reefer truck VEH007 on its run to Kalutara, fills an existing run",
  "Rank 13: new order; chilled; Matara closes 07:30; Fresh; joined the reefer truck VEH004 on its run to Matara, the only run that could carry these goods",
  "Rank 14: new order; chilled; Colombo closes 07:45; Fresh; joined the reefer truck VEH002 on its run to Colombo, fills an existing run",
  "Rank 15: new order; chilled; Colombo closes 07:45; Fresh; joined the reefer truck VEH002 on its run to Colombo, fills an existing run",
  "Rank 16: new order; chilled; Gampaha closes 07:45; Fresh; joined the reefer truck VEH001 on its run to Gampaha, fills an existing run",
  "Rank 17: new order; chilled; Kurunegala by 07:45; Kurunegala is reached at 11:21 by the second trip of the reefer truck VEH004, after the 07:45 deadline.",
  "Rank 18: new order; chilled; Matara closes 07:45; Fresh; joined the reefer truck VEH004 on its run to Matara, the only run that could carry these goods",
  "Rank 19: new order; chilled; Colombo due 07:59; Fresh, vans only; joined the reefer van VEH035 on its run to Colombo, fills an existing run",
  "Rank 20: new order; chilled; Colombo due 07:59; Fresh; joined the reefer truck VEH002 on its run to Colombo, fills an existing run",
  "Rank 21: new order; chilled; Colombo due 07:59; Fresh; joined the reefer truck VEH002 on its run to Colombo, fills an existing run",
  "Rank 22: new order; chilled; Colombo due 07:59; Fresh; joined the reefer truck VEH002 on its run to Colombo, fills an existing run",
  "Rank 23: new order; chilled; Galle due 07:59; Fresh; joined the reefer truck VEH006 on its run to Galle, the only run that could carry these goods",
  "Rank 24: new order; chilled; Galle due 07:59; Fresh; joined the reefer truck VEH006 on its run to Galle, the only run that could carry these goods",
  "Rank 25: new order; chilled; Gampaha due 07:59; Fresh; joined the reefer truck VEH001 on its run to Gampaha, fills an existing run",
  "Rank 26: new order; chilled; Gampaha due 07:59; Fresh; joined the reefer truck VEH001 on its run to Gampaha, fills an existing run",
  "Rank 27: new order; chilled; Gampaha due 07:59; Fresh; joined the reefer truck VEH001 on its run to Gampaha, fills an existing run",
  "Rank 28: new order; chilled; Gampaha due 07:59; Fresh; joined the reefer truck VEH001 on its run to Gampaha, fills an existing run",
  "Rank 29: new order; chilled; Gampaha due 07:59; Fresh; joined the reefer truck VEH001 on its run to Gampaha, keeps vans free",
  "Rank 30: new order; chilled; Gampaha due 07:59; Fresh; joined the reefer truck VEH001 on its run to Gampaha, keeps vans free",
  "Rank 31: new order; chilled; Kalutara due 07:59; Fresh; joined the reefer truck VEH007 on its run to Kalutara, the only run that could carry these goods",
  "Rank 32: new order; chilled; Kalutara due 07:59; Fresh; joined the reefer truck VEH007 on its run to Kalutara, the only run that could carry these goods",
  "Rank 33: new order; chilled; Kurunegala by 07:59; Kurunegala is reached at 11:46 by the second trip of the reefer truck VEH004, after the 08:00 deadline.",
  "Rank 34: new order; chilled; Kurunegala by 07:59; Kurunegala is reached at 11:46 by the second trip of the reefer truck VEH004, after the 08:00 deadline.",
  "Rank 35: new order; chilled; Kurunegala by 07:59; Kurunegala is reached at 11:46 by the second trip of the reefer truck VEH004, after the 08:00 deadline.",
  "Rank 36: new order; chilled; Matara due 07:59; Fresh; joined the reefer truck VEH004 on its run to Matara, the only run that could carry these goods",
  "Rank 37: new order; chilled; Puttalam by 07:59; Puttalam is reached at 12:57 by the second trip of the reefer truck VEH004, after the 08:00 deadline.",
  "Rank 38: new order; chilled; Puttalam by 07:59; Puttalam is reached at 12:57 by the second trip of the reefer truck VEH004, after the 08:00 deadline.",
  "Rank 39: new order; dry; Colombo closes 07:30; Fresh, vans only; new run on the van VEH038 to Colombo, more volume broke the tie",
  "Rank 40: new order; dry; Colombo closes 07:30; Fresh; new run on the dry truck VEH011 to Colombo, vehicle ID breaks the tie",
  "Rank 41: new order; dry; Colombo closes 07:30; Fresh; joined the dry truck VEH011 on its run to Colombo, fills an existing run",
  "Rank 42: new order; dry; Colombo closes 07:30; Fresh; joined the dry truck VEH011 on its run to Colombo, fills an existing run",
  "Rank 43: new order; dry; Galle closes 07:30; Fresh; new run on the dry truck VEH014 to Galle, vehicle ID breaks the tie",
  "Rank 44: new order; dry; Galle closes 07:30; Fresh; joined the dry truck VEH014 on its run to Galle, fills an existing run",
  "Rank 45: new order; dry; Galle closes 07:30; Fresh; joined the dry truck VEH014 on its run to Galle, fills an existing run",
  "Rank 46: new order; dry; Gampaha closes 07:30; Fresh; new run on the dry truck VEH019 to Gampaha, vehicle ID breaks the tie",
  "Rank 47: new order; dry; Gampaha closes 07:30; Fresh; joined the dry truck VEH019 on its run to Gampaha, fills an existing run",
  "Rank 48: new order; dry; Kalutara closes 07:30; Fresh; new run on the dry truck VEH023 to Kalutara, vehicle ID breaks the tie",
  "Rank 49: new order; dry; Kalutara closes 07:30; Fresh; joined the dry truck VEH023 on its run to Kalutara, fills an existing run",
  "Rank 50: new order; dry; Kalutara closes 07:30; Fresh; joined the dry truck VEH023 on its run to Kalutara, fills an existing run",
  "Rank 51: new order; dry; Kurunegala closes 07:30; Fresh; new run on the dry truck VEH026 to Kurunegala, vehicle ID breaks the tie",
  "Rank 52: new order; dry; Matara closes 07:30; Fresh; new run on the dry truck VEH031 to Matara, vehicle ID breaks the tie",
  "Rank 53: new order; dry; Colombo closes 07:45; Fresh; joined the dry truck VEH011 on its run to Colombo, fills an existing run",
  "Rank 54: new order; dry; Colombo closes 07:45; Fresh; joined the dry truck VEH011 on its run to Colombo, fills an existing run",
  "Rank 55: new order; dry; Gampaha closes 07:45; Fresh; joined the dry truck VEH019 on its run to Gampaha, fills an existing run",
  "Rank 56: new order; dry; Kurunegala closes 07:45; Fresh; joined the dry truck VEH026 on its run to Kurunegala, fills an existing run",
  "Rank 57: new order; dry; Matara closes 07:45; Fresh; joined the dry truck VEH031 on its run to Matara, fills an existing run",
  "Rank 58: new order; dry; Colombo due 07:59; Fresh, vans only; joined the van VEH038 on its run to Colombo, fills an existing run",
  "Rank 59: new order; dry; Colombo due 07:59; Fresh; joined the dry truck VEH011 on its run to Colombo, fills an existing run",
  "Rank 60: new order; dry; Colombo due 07:59; Fresh; joined the dry truck VEH011 on its run to Colombo, fills an existing run",
  "Rank 61: new order; dry; Colombo due 07:59; Fresh; joined the dry truck VEH011 on its run to Colombo, fills an existing run",
  "Rank 62: new order; dry; Colombo due 07:59; Fresh; joined the dry truck VEH011 on its run to Colombo, fills an existing run",
  "Rank 63: new order; dry; Colombo due 07:59; Fresh; new run on the dry truck VEH033 to Colombo, more volume broke the tie",
  "Rank 64: new order; dry; Colombo due 07:59; Fresh; joined the dry truck VEH033 on its run to Colombo, fills an existing run",
  "Rank 65: new order; dry; Galle due 07:59; Fresh; joined the dry truck VEH014 on its run to Galle, fills an existing run",
  "Rank 66: new order; dry; Galle due 07:59; Fresh; joined the dry truck VEH014 on its run to Galle, fills an existing run",
  "Rank 67: new order; dry; Galle due 07:59; Fresh; joined the dry truck VEH014 on its run to Galle, fills an existing run",
  "Rank 68: new order; dry; Gampaha due 07:59; Fresh; joined the dry truck VEH019 on its run to Gampaha, fills an existing run",
  "Rank 69: new order; dry; Gampaha due 07:59; Fresh; joined the dry truck VEH019 on its run to Gampaha, fills an existing run",
  "Rank 70: new order; dry; Gampaha due 07:59; Fresh; joined the dry truck VEH019 on its run to Gampaha, fills an existing run",
  "Rank 71: new order; dry; Gampaha due 07:59; Fresh; joined the dry truck VEH019 on its run to Gampaha, fills an existing run",
  "Rank 72: new order; dry; Gampaha due 07:59; Fresh; joined the dry truck VEH019 on its run to Gampaha, fills an existing run",
  "Rank 73: new order; dry; Gampaha due 07:59; Fresh; joined the dry truck VEH019 on its run to Gampaha, fills an existing run",
  "Rank 74: new order; dry; Gampaha due 07:59; Fresh; new run on the dry truck VEH010 to Gampaha, vehicle ID breaks the tie",
  "Rank 75: new order; dry; Kalutara due 07:59; Fresh; joined the dry truck VEH023 on its run to Kalutara, fills an existing run",
  "Rank 76: new order; dry; Kalutara due 07:59; Fresh; joined the dry truck VEH023 on its run to Kalutara, fills an existing run",
  "Rank 77: new order; dry; Kalutara due 07:59; Fresh; joined the dry truck VEH023 on its run to Kalutara, fills an existing run",
  "Rank 78: new order; dry; Kalutara due 07:59; Fresh; joined the dry truck VEH023 on its run to Kalutara, fills an existing run",
  "Rank 79: new order; dry; Kurunegala due 07:59; Fresh; joined the dry truck VEH026 on its run to Kurunegala, fills an existing run",
  "Rank 80: new order; dry; Kurunegala due 07:59; Fresh; joined the dry truck VEH026 on its run to Kurunegala, fills an existing run",
  "Rank 81: new order; dry; Kurunegala due 07:59; Fresh; joined the dry truck VEH026 on its run to Kurunegala, fills an existing run",
  "Rank 82: new order; dry; Matara due 07:59; Fresh; joined the dry truck VEH031 on its run to Matara, fills an existing run",
  "Rank 83: new order; dry; Matara due 07:59; Fresh; joined the dry truck VEH031 on its run to Matara, fills an existing run",
  "Rank 84: new order; dry; Puttalam due 07:59; Fresh; new run on the dry truck VEH020 to Puttalam, vehicle ID breaks the tie",
  "Rank 85: new order; dry; Puttalam due 07:59; Fresh; joined the dry truck VEH020 on its run to Puttalam, fills an existing run",
  "Rank 86: new order; dry; Puttalam due 07:59; Fresh; joined the dry truck VEH020 on its run to Puttalam, fills an existing run",
  "Rank 87: new order; dry; Colombo closes 11:00; mall slot; new run on the dry truck VEH024 to Colombo, vehicle ID breaks the tie",
  "Rank 88: new order; dry; Colombo closes 12:00; mall slot; new run on the dry truck VEH030 to Colombo, more volume broke the tie",
  "Rank 89: new order; dry; Galle closes 12:00; mall slot; new run on the dry truck VEH009 to Galle, vehicle ID breaks the tie",
  "Rank 90: new order; dry; Colombo closes 12:30; mall slot; new second trip on the dry truck VEH011 to Colombo, vehicle ID breaks the tie",
  "Rank 91: new order; dry; Colombo closes 12:30; mall slot; joined the dry truck VEH024 on its run to Colombo, fills an existing run",
  "Rank 92: new order; dry; Gampaha closes 12:30; mall slot; new run on the dry truck VEH013 to Gampaha, vehicle ID breaks the tie",
  "Rank 93: new order; dry; Colombo closes 17:00; joined the dry truck VEH024 on its run to Colombo, fills an existing run",
  "Rank 94: new order; dry; Galle closes 17:00; joined the dry truck VEH009 on its run to Galle, fills an existing run",
  "Rank 95: new order; dry; Galle closes 17:00; new run on the dry truck VEH029 to Galle, more volume broke the tie",
  "Rank 96: new order; dry; Gampaha closes 17:00; joined the dry truck VEH013 on its run to Gampaha, fills an existing run",
  "Rank 97: new order; dry; Gampaha closes 17:00; new run on the dry truck VEH012 to Gampaha, vehicle ID breaks the tie",
  "Rank 98: new order; dry; Kalutara closes 17:00; new run on the dry truck VEH021 to Kalutara, vehicle ID breaks the tie",
  "Rank 99: new order; dry; Kalutara closes 17:00; joined the dry truck VEH021 on its run to Kalutara, fills an existing run",
  "Rank 100: new order; dry; Kurunegala closes 17:00; new run on the dry truck VEH022 to Kurunegala, vehicle ID breaks the tie",
  "Rank 101: new order; dry; Kurunegala closes 17:00; new run on the dry truck VEH028 to Kurunegala, vehicle ID breaks the tie",
  "Rank 102: new order; dry; Matara closes 17:00; new run on the dry truck VEH032 to Matara, more volume broke the tie",
]
`;

exports[`the exact seeded planner day without a database > AC-21 returns a valid plan with every seeded unit accounted for exactly once 1`] = `
{
  "decisions": [
    {
      "kind": "late_order",
      "orderId": "d3948ead-0274-5634-aacf-1ba9d61d29de",
      "reason": "No fridge truck could reach Kurunegala before its window closed at 07:45 on Thursday.",
    },
    {
      "kind": "late_order",
      "orderId": "6e8713c6-eea2-5956-8fd0-e2e75d9304d4",
      "reason": "No fridge truck could reach Kurunegala before 08:00 on Thursday.",
    },
    {
      "kind": "late_order",
      "orderId": "93483a48-9aa5-5db1-96fc-9f4f7507eb05",
      "reason": "No fridge truck could reach Kurunegala before 08:00 on Thursday.",
    },
    {
      "kind": "late_order",
      "orderId": "84fa1eeb-474f-5bf8-b772-ce28556faf55",
      "reason": "No fridge truck could reach Kurunegala before 08:00 on Thursday.",
    },
    {
      "kind": "late_order",
      "orderId": "1aebb94c-7887-557b-85e3-8c49300e82a6",
      "reason": "No fridge truck could reach Puttalam before 08:00 on Thursday.",
    },
    {
      "kind": "late_order",
      "orderId": "d4375507-fbf2-5699-b878-3da20bfce74f",
      "reason": "No fridge truck could reach Puttalam before 08:00 on Thursday.",
    },
  ],
  "deferrals": [
    {
      "code": "window",
      "orderId": "d3948ead-0274-5634-aacf-1ba9d61d29de",
      "reason": "No fridge truck could reach Kurunegala before its window closed at 07:45 on Thursday.",
    },
    {
      "code": "window",
      "orderId": "6e8713c6-eea2-5956-8fd0-e2e75d9304d4",
      "reason": "No fridge truck could reach Kurunegala before 08:00 on Thursday.",
    },
    {
      "code": "window",
      "orderId": "93483a48-9aa5-5db1-96fc-9f4f7507eb05",
      "reason": "No fridge truck could reach Kurunegala before 08:00 on Thursday.",
    },
    {
      "code": "window",
      "orderId": "84fa1eeb-474f-5bf8-b772-ce28556faf55",
      "reason": "No fridge truck could reach Kurunegala before 08:00 on Thursday.",
    },
    {
      "code": "window",
      "orderId": "1aebb94c-7887-557b-85e3-8c49300e82a6",
      "reason": "No fridge truck could reach Puttalam before 08:00 on Thursday.",
    },
    {
      "code": "window",
      "orderId": "d4375507-fbf2-5699-b878-3da20bfce74f",
      "reason": "No fridge truck could reach Puttalam before 08:00 on Thursday.",
    },
  ],
  "splits": [],
  "status": "needs_decision",
  "totals": {
    "deferred": {
      "keepUpright": false,
      "kg": 1959.6,
      "m3": 10.508,
      "needsReefer": true,
      "needsTailLift": false,
      "orders": 6,
      "units": 284,
    },
    "served": {
      "keepUpright": true,
      "kg": 37571.4,
      "m3": 274.132,
      "needsReefer": true,
      "needsTailLift": true,
      "orders": 96,
      "units": 4658,
    },
    "splits": 0,
    "trips": 27,
  },
  "trips": [
    {
      "stops": [
        {
          "orderIds": [
            "964a098b-a9d9-5851-9c66-c85360d55c7e",
          ],
          "outletId": "OUT032",
        },
        {
          "orderIds": [
            "27ad8e89-d0e1-53ef-a378-9e3c1ffece87",
          ],
          "outletId": "OUT026",
        },
        {
          "orderIds": [
            "c47225aa-ab2c-5d0a-8abd-6f94a10057d0",
          ],
          "outletId": "OUT028",
        },
        {
          "orderIds": [
            "d7ea5702-83c8-564c-a7db-d0257fc0fb46",
          ],
          "outletId": "OUT030",
        },
        {
          "orderIds": [
            "77469229-4b05-541e-8d3d-2326af4fc150",
          ],
          "outletId": "OUT031",
        },
        {
          "orderIds": [
            "0003cf1a-45ab-53b5-871a-5720ca8d6c6b",
          ],
          "outletId": "OUT025",
        },
        {
          "orderIds": [
            "b9e27654-d814-5ee7-9244-2acfc51acc13",
          ],
          "outletId": "OUT029",
        },
        {
          "orderIds": [
            "e4a0b8ec-4ffe-50de-a5ed-64961c718003",
          ],
          "outletId": "OUT033",
        },
      ],
      "tripNo": 1,
      "vehicleId": "VEH001",
    },
    {
      "stops": [
        {
          "orderIds": [
            "38adf42c-fcab-5db6-bbc0-7c5de2029302",
          ],
          "outletId": "OUT008",
        },
        {
          "orderIds": [
            "860ea3ac-cfdc-558d-8523-0e978cdb17b0",
          ],
          "outletId": "OUT013",
        },
        {
          "orderIds": [
            "56d990bc-4163-5bdf-b641-05a8ce81906b",
          ],
          "outletId": "OUT005",
        },
        {
          "orderIds": [
            "191dfcb0-4579-5a2e-bd48-2cfa0e6fc30d",
          ],
          "outletId": "OUT009",
        },
        {
          "orderIds": [
            "94d7eb5d-7760-5dc4-acf8-b36351216c9e",
          ],
          "outletId": "OUT006",
        },
        {
          "orderIds": [
            "6cd3e8b4-6355-5913-97f9-71ca15f961c6",
          ],
          "outletId": "OUT011",
        },
        {
          "orderIds": [
            "f71c9bb4-7eab-53e6-aa8d-893db9dc7c3d",
          ],
          "outletId": "OUT012",
        },
      ],
      "tripNo": 1,
      "vehicleId": "VEH002",
    },
    {
      "stops": [
        {
          "orderIds": [
            "bb69cb63-953b-5332-b652-209b28422c74",
          ],
          "outletId": "OUT061",
        },
        {
          "orderIds": [
            "01364af1-ba00-5c0d-8e86-669a0b9a32ee",
          ],
          "outletId": "OUT059",
        },
        {
          "orderIds": [
            "433c9971-6070-5184-85c2-ee62bcd6f6f3",
          ],
          "outletId": "OUT060",
        },
        {
          "orderIds": [
            "2b02bbbd-5fb9-594f-acb4-52b8a62176fb",
          ],
          "outletId": "OUT062",
        },
      ],
      "tripNo": 1,
      "vehicleId": "VEH004",
    },
    {
      "stops": [
        {
          "orderIds": [
            "e1642f85-a9e2-5fdc-aae3-7114997467aa",
          ],
          "outletId": "OUT052",
        },
        {
          "orderIds": [
            "ec6775d7-74cb-5e9f-a808-8a3183807b4b",
          ],
          "outletId": "OUT054",
        },
        {
          "orderIds": [
            "030c3363-4a06-5d91-a8bc-de843ddb6c54",
          ],
          "outletId": "OUT055",
        },
        {
          "orderIds": [
            "1847bd01-2f12-505c-ae62-c21e4ad079a1",
          ],
          "outletId": "OUT051",
        },
        {
          "orderIds": [
            "a492840e-5e46-5d13-8859-c99911fbd5f3",
          ],
          "outletId": "OUT053",
        },
      ],
      "tripNo": 1,
      "vehicleId": "VEH006",
    },
    {
      "stops": [
        {
          "orderIds": [
            "f247f5c2-71a3-5a93-b043-e7a7e16e7bcf",
          ],
          "outletId": "OUT041",
        },
        {
          "orderIds": [
            "45199886-8048-5e0f-8deb-4e6ba3ccca6f",
          ],
          "outletId": "OUT043",
        },
        {
          "orderIds": [
            "3d30a8ad-12f2-5f15-bbbf-d59f0574d3cf",
          ],
          "outletId": "OUT046",
        },
        {
          "orderIds": [
            "75fc3be7-a08e-50e2-bf9e-232621c4d2a7",
          ],
          "outletId": "OUT042",
        },
        {
          "orderIds": [
            "f7cc5c4a-466a-523c-b725-3850467aff88",
          ],
          "outletId": "OUT045",
        },
      ],
      "tripNo": 1,
      "vehicleId": "VEH007",
    },
    {
      "stops": [
        {
          "orderIds": [
            "e43a5594-ba99-5ab6-b483-67c9b46f4894",
          ],
          "outletId": "OUT056",
        },
        {
          "orderIds": [
            "d033b7b4-f6fb-585c-af78-611fd0cd1f8a",
          ],
          "outletId": "OUT057",
        },
      ],
      "tripNo": 1,
      "vehicleId": "VEH009",
    },
    {
      "stops": [
        {
          "orderIds": [
            "d8f0d481-9117-5057-8c9e-1e3f86b10e87",
          ],
          "outletId": "OUT033",
        },
      ],
      "tripNo": 1,
      "vehicleId": "VEH010",
    },
    {
      "stops": [
        {
          "orderIds": [
            "7b56e0e0-2f6e-5759-8ce7-e95035640f4c",
          ],
          "outletId": "OUT011",
        },
        {
          "orderIds": [
            "3b6779cb-bb23-51da-b91c-6e4c9dedda4a",
          ],
          "outletId": "OUT008",
        },
        {
          "orderIds": [
            "907276ad-38ea-5764-a8e5-1a0186dcf78f",
          ],
          "outletId": "OUT010",
        },
        {
          "orderIds": [
            "d9425b50-1ef4-5d4b-9220-604f2e9e5dfd",
          ],
          "outletId": "OUT013",
        },
        {
          "orderIds": [
            "4789e24d-15c2-5e3c-a3f4-39b27a0fe0bd",
          ],
          "outletId": "OUT005",
        },
        {
          "orderIds": [
            "74cd6747-23ab-5439-830f-9603457084e6",
          ],
          "outletId": "OUT009",
        },
        {
          "orderIds": [
            "930ec413-29f3-5db6-afb3-00da36738d2b",
          ],
          "outletId": "OUT006",
        },
        {
          "orderIds": [
            "093a0b0c-72a8-598a-bf64-483d0f574f2f",
          ],
          "outletId": "OUT004",
        },
        {
          "orderIds": [
            "0a94dad7-4423-5672-a838-8a72a6a852f6",
          ],
          "outletId": "OUT007",
        },
      ],
      "tripNo": 1,
      "vehicleId": "VEH011",
    },
    {
      "stops": [
        {
          "orderIds": [
            "f0e7aeaa-5942-5069-bf36-1871b156c653",
          ],
          "outletId": "OUT017",
        },
      ],
      "tripNo": 2,
      "vehicleId": "VEH011",
    },
    {
      "stops": [
        {
          "orderIds": [
            "75d8e1e5-8313-56d5-8710-3ddbe8baed42",
          ],
          "outletId": "OUT039",
        },
      ],
      "tripNo": 1,
      "vehicleId": "VEH012",
    },
    {
      "stops": [
        {
          "orderIds": [
            "1381395a-0cd3-5bda-9b65-37ee2e13aaac",
          ],
          "outletId": "OUT036",
        },
        {
          "orderIds": [
            "21850415-231b-53e9-957f-7c367f59b382",
          ],
          "outletId": "OUT037",
        },
      ],
      "tripNo": 1,
      "vehicleId": "VEH013",
    },
    {
      "stops": [
        {
          "orderIds": [
            "559c879b-664f-5536-bb66-f616b761bbf9",
          ],
          "outletId": "OUT052",
        },
        {
          "orderIds": [
            "3212582b-a773-567e-9b5c-271240218d1f",
          ],
          "outletId": "OUT054",
        },
        {
          "orderIds": [
            "f86b0d73-991f-5fd5-847f-d525d981ef66",
          ],
          "outletId": "OUT055",
        },
        {
          "orderIds": [
            "e0f47c36-95a4-51c3-8b90-19f078502e62",
          ],
          "outletId": "OUT051",
        },
        {
          "orderIds": [
            "bba4aa8a-e309-53a5-8c13-4a5e402c2fb6",
          ],
          "outletId": "OUT053",
        },
        {
          "orderIds": [
            "2a96d97e-62a3-562b-9116-2df83054a2d9",
          ],
          "outletId": "OUT050",
        },
      ],
      "tripNo": 1,
      "vehicleId": "VEH014",
    },
    {
      "stops": [
        {
          "orderIds": [
            "6dfa404e-fcdc-5095-ab51-4d79bf264cd7",
          ],
          "outletId": "OUT031",
        },
        {
          "orderIds": [
            "1f977ef0-3af4-5f82-a3d9-62196f2f27dc",
          ],
          "outletId": "OUT027",
        },
        {
          "orderIds": [
            "f26cca9a-8e85-5228-92b6-04cd6ea3df1d",
          ],
          "outletId": "OUT034",
        },
        {
          "orderIds": [
            "41ce04ab-6dd7-5483-8046-1176a8fb69b3",
          ],
          "outletId": "OUT032",
        },
        {
          "orderIds": [
            "48b39c87-adf7-5a47-9005-f56a57d799c8",
          ],
          "outletId": "OUT026",
        },
        {
          "orderIds": [
            "6e76b3ab-af38-574e-a7f4-0fd792f86588",
          ],
          "outletId": "OUT028",
        },
        {
          "orderIds": [
            "82c4e05b-924d-502e-a320-6bdbb9978360",
          ],
          "outletId": "OUT030",
        },
        {
          "orderIds": [
            "b0e52c44-5ac4-5be4-a10f-88bfd4765467",
          ],
          "outletId": "OUT025",
        },
        {
          "orderIds": [
            "e13227ef-c27e-5f36-a14d-f295a11d7235",
          ],
          "outletId": "OUT029",
        },
      ],
      "tripNo": 1,
      "vehicleId": "VEH019",
    },
    {
      "stops": [
        {
          "orderIds": [
            "7def4470-6f08-501b-b959-72b7580d61b7",
          ],
          "outletId": "OUT073",
        },
        {
          "orderIds": [
            "d4314f1e-3791-5e3d-a7cb-94eff4f258bc",
          ],
          "outletId": "OUT075",
        },
        {
          "orderIds": [
            "a22dc6ad-bdb1-5482-b267-027ea440a0bf",
          ],
          "outletId": "OUT074",
        },
      ],
      "tripNo": 1,
      "vehicleId": "VEH020",
    },
    {
      "stops": [
        {
          "orderIds": [
            "4b6fb078-7487-5ed6-aed3-185d226b2707",
          ],
          "outletId": "OUT047",
        },
        {
          "orderIds": [
            "cfdc0b2b-3e9d-53df-87bc-b34f3f47e66a",
          ],
          "outletId": "OUT048",
        },
      ],
      "tripNo": 1,
      "vehicleId": "VEH021",
    },
    {
      "stops": [
        {
          "orderIds": [
            "1a87fccf-80f1-5950-8e1c-b9f65a016767",
          ],
          "outletId": "OUT071",
        },
      ],
      "tripNo": 1,
      "vehicleId": "VEH022",
    },
    {
      "stops": [
        {
          "orderIds": [
            "caee24a1-e8bc-50e5-94c0-117ba89126a1",
          ],
          "outletId": "OUT041",
        },
        {
          "orderIds": [
            "6e4e3bf3-a846-5fc5-a777-67b9bd140e08",
          ],
          "outletId": "OUT043",
        },
        {
          "orderIds": [
            "9c0410b7-1e54-52ae-8156-3e34d2ea91d1",
          ],
          "outletId": "OUT046",
        },
        {
          "orderIds": [
            "659fbfa1-953c-52b7-95d0-a705cbb3e5f7",
          ],
          "outletId": "OUT040",
        },
        {
          "orderIds": [
            "fb65b1f0-e20a-5414-8662-25749b8eac12",
          ],
          "outletId": "OUT042",
        },
        {
          "orderIds": [
            "792a54aa-ca32-5710-924c-8a1bac2cc04e",
          ],
          "outletId": "OUT044",
        },
        {
          "orderIds": [
            "53c9a5ff-9eda-52b5-a015-fee03af1dbd2",
          ],
          "outletId": "OUT045",
        },
      ],
      "tripNo": 1,
      "vehicleId": "VEH023",
    },
    {
      "stops": [
        {
          "orderIds": [
            "19f7b6f8-40fe-516f-9afc-4f60e18737c3",
          ],
          "outletId": "OUT016",
        },
        {
          "orderIds": [
            "2c7b47b4-622c-5c10-85e2-33ae32e3e25a",
          ],
          "outletId": "OUT018",
        },
        {
          "orderIds": [
            "214a7e26-2b75-5961-85e8-ea48b533df2c",
          ],
          "outletId": "OUT019",
        },
      ],
      "tripNo": 1,
      "vehicleId": "VEH024",
    },
    {
      "stops": [
        {
          "orderIds": [
            "cf6c79f5-f554-5ed8-af17-94891d976dfa",
          ],
          "outletId": "OUT067",
        },
        {
          "orderIds": [
            "927f1591-828d-5ee8-b448-8f0611f63347",
          ],
          "outletId": "OUT066",
        },
        {
          "orderIds": [
            "34386987-67e4-5f69-8dc0-7e20c2121201",
          ],
          "outletId": "OUT068",
        },
        {
          "orderIds": [
            "1a20e03e-2005-5c11-98c4-371eae66bcd1",
          ],
          "outletId": "OUT065",
        },
        {
          "orderIds": [
            "36ab98fc-77f9-549f-a00c-1f0c7e858cef",
          ],
          "outletId": "OUT069",
        },
      ],
      "tripNo": 1,
      "vehicleId": "VEH026",
    },
    {
      "stops": [
        {
          "orderIds": [
            "a5d8fed3-0a22-54a5-bba7-3fa13aa1951d",
          ],
          "outletId": "OUT072",
        },
      ],
      "tripNo": 1,
      "vehicleId": "VEH028",
    },
    {
      "stops": [
        {
          "orderIds": [
            "15b35755-b4b8-59d6-b80a-a8a021a586b1",
          ],
          "outletId": "OUT058",
        },
      ],
      "tripNo": 1,
      "vehicleId": "VEH029",
    },
    {
      "stops": [
        {
          "orderIds": [
            "8ad20252-e210-542a-b017-ba3debeb1f72",
          ],
          "outletId": "OUT022",
        },
      ],
      "tripNo": 1,
      "vehicleId": "VEH030",
    },
    {
      "stops": [
        {
          "orderIds": [
            "6d860c9f-b7d2-515c-8f90-3275594ed0b1",
          ],
          "outletId": "OUT061",
        },
        {
          "orderIds": [
            "283dde1a-b301-526f-8046-0edf0d351a0d",
          ],
          "outletId": "OUT059",
        },
        {
          "orderIds": [
            "d5d114b6-877d-5ee7-8b53-c3ce7d98107a",
          ],
          "outletId": "OUT060",
        },
        {
          "orderIds": [
            "defe61e3-e607-52ed-9005-bf241788211d",
          ],
          "outletId": "OUT062",
        },
      ],
      "tripNo": 1,
      "vehicleId": "VEH031",
    },
    {
      "stops": [
        {
          "orderIds": [
            "69b62374-7294-5102-9d29-04f8aab546a5",
          ],
          "outletId": "OUT063",
        },
      ],
      "tripNo": 1,
      "vehicleId": "VEH032",
    },
    {
      "stops": [
        {
          "orderIds": [
            "9b2d7eaa-a994-5143-acc6-903e70425f1d",
          ],
          "outletId": "OUT012",
        },
        {
          "orderIds": [
            "26f82075-660a-5438-82bc-e2eebec682a4",
          ],
          "outletId": "OUT014",
        },
      ],
      "tripNo": 1,
      "vehicleId": "VEH033",
    },
    {
      "stops": [
        {
          "orderIds": [
            "95e0d457-71de-5fe0-86d2-a60e615426b9",
          ],
          "outletId": "OUT001",
        },
        {
          "orderIds": [
            "faf2f8c0-6bc9-564e-b45d-dc0d1157adc0",
          ],
          "outletId": "OUT003",
        },
        {
          "orderIds": [
            "99ad1370-c157-54a8-a55e-ad41ae176e68",
          ],
          "outletId": "OUT002",
        },
      ],
      "tripNo": 1,
      "vehicleId": "VEH035",
    },
    {
      "stops": [
        {
          "orderIds": [
            "75ee0d76-a676-5e1b-ac63-da6b0381d2ba",
          ],
          "outletId": "OUT003",
        },
        {
          "orderIds": [
            "b05ec505-81fe-5de0-be4c-eb221162da56",
          ],
          "outletId": "OUT002",
        },
      ],
      "tripNo": 1,
      "vehicleId": "VEH038",
    },
  ],
}
`;

exports[`the exact seeded planner day without a database > AC-22 uses a fixed 300-order case with fresh IDs and the same fleet and conserves it 1`] = `
{
  "deferred": 38,
  "effectiveOrders": 300,
  "reasons": {
    "over_capacity": 1,
    "window": 37,
  },
  "served": 262,
  "splits": 0,
  "status": "needs_decision",
  "trips": 40,
}
`;
